
**** Build of configuration Debug for project PongSoft ****

make all 
Building file: ../src/helloworld.c
Invoking: MicroBlaze gcc compiler
mb-gcc -Wall -O0 -g3 -c -fmessage-length=0 -Wl,--no-relax -I../../PongSoft_bsp/microblaze_0/include -mxl-barrel-shift -mxl-pattern-compare -mcpu=v8.40.b -mno-xl-soft-mul -MMD -MP -MF"src/helloworld.d" -MT"src/helloworld.d" -o"src/helloworld.o" "../src/helloworld.c"
Finished building: ../src/helloworld.c
' '
Building file: ../src/platform.c
Invoking: MicroBlaze gcc compiler
mb-gcc -Wall -O0 -g3 -c -fmessage-length=0 -Wl,--no-relax -I../../PongSoft_bsp/microblaze_0/include -mxl-barrel-shift -mxl-pattern-compare -mcpu=v8.40.b -mno-xl-soft-mul -MMD -MP -MF"src/platform.d" -MT"src/platform.d" -o"src/platform.o" "../src/platform.c"
Finished building: ../src/platform.c
' '
Building target: PongSoft.elf
Invoking: MicroBlaze gcc linker
mb-gcc -Wl,--no-relax -Wl,-T -Wl,../src/lscript.ld -L../../PongSoft_bsp/microblaze_0/lib -mxl-barrel-shift -mxl-pattern-compare -mcpu=v8.40.b -mno-xl-soft-mul -o"PongSoft.elf"  ./src/helloworld.o ./src/platform.o   -Wl,--start-group,-lxil,-lgcc,-lc,--end-group
Finished building target: PongSoft.elf
' '
Invoking: MicroBlaze Print Size
mb-size PongSoft.elf  |tee "PongSoft.elf.size"
   text	   data	    bss	    dec	    hex	filename
   2766	    292	   2088	   5146	   141a	PongSoft.elf
Finished building: PongSoft.elf.size
' '
Invoking: Xilinx ELF Check
elfcheck PongSoft.elf -hw ../../mb_hw_platform/system.xml -pe microblaze_0  |tee "PongSoft.elf.elfcheck"
elfcheck
Xilinx EDK 14.4 Build EDK_P.49d
Copyright (c) 1995-2012 Xilinx, Inc.  All rights reserved.

Command Line: elfcheck -hw ../../mb_hw_platform/system.xml -pe microblaze_0
PongSoft.elf 

ELF file	: PongSoft.elf
elfcheck passed.
Finished building: PongSoft.elf.elfcheck
' '
