C:\XilinxWorkSpace\PongV5\TL.ngc 1369312642
C:\XilinxWorkSpace\PongV5/mb.ngc 1369312561
C:\XilinxWorkSpace\PongV5/mb_microblaze_0_wrapper.ngc 1369312561
C:\XilinxWorkSpace\PongV5/mb_mb_plb_wrapper.ngc 1369312561
C:\XilinxWorkSpace\PongV5/mb_ilmb_wrapper.ngc 1369312561
C:\XilinxWorkSpace\PongV5/mb_dlmb_wrapper.ngc 1369312561
C:\XilinxWorkSpace\PongV5/mb_dlmb_cntlr_wrapper.ngc 1369312561
C:\XilinxWorkSpace\PongV5/mb_ilmb_cntlr_wrapper.ngc 1369312561
C:\XilinxWorkSpace\PongV5/mb_lmb_bram_wrapper.ngc 1369312561
C:\XilinxWorkSpace\PongV5/mb_leds_8bit_wrapper.ngc 1369312561
C:\XilinxWorkSpace\PongV5/mb_push_buttons_3bit_wrapper.ngc 1369312561
C:\XilinxWorkSpace\PongV5/mb_switches_8bit_wrapper.ngc 1369312561
C:\XilinxWorkSpace\PongV5/mb_rs232_port_wrapper.ngc 1369312561
C:\XilinxWorkSpace\PongV5/mb_clock_generator_0_wrapper.ngc 1369312561
C:\XilinxWorkSpace\PongV5/mb_mdm_0_wrapper.ngc 1369312561
C:\XilinxWorkSpace\PongV5/mb_proc_sys_reset_0_wrapper.ngc 1369312561
C:\XilinxWorkSpace\PongV5/mb_ball_color_o_wrapper.ngc 1369312561
C:\XilinxWorkSpace\PongV5/mb_chipscope_icon_0_wrapper.ngc 1369312561
C:\XilinxWorkSpace\PongV5/mb_chipscope_ila_0_wrapper.ngc 1369312561
C:\XilinxWorkSpace\PongV5/mb_batpos_l_r_wrapper.ngc 1369312561
C:\XilinxWorkSpace\PongV5/mb_ballpos_xy_wrapper.ngc 1369312561
OK
