EN detector NULL C:/XilinxWorkSpace/PongV5/detector.vhd sub00/vhpl16 1369312598
AR dcm behavioral C:/XilinxWorkSpace/PongV5/dcm.vhd sub00/vhpl01 1369312593
EN adc_signal_sync NULL C:/XilinxWorkSpace/PongV5/ADC_signal_sync.vhd sub00/vhpl04 1369312594
EN dcm NULL C:/XilinxWorkSpace/PongV5/dcm.vhd sub00/vhpl00 1369312592
EN mb NULL C:/XilinxWorkSpace/PongV5/mb/hdl/mb.vhd sub00/vhpl10 1369312590
EN re_color NULL C:/XilinxWorkSpace/PongV5/re_color.vhd sub00/vhpl14 1369312600
AR re_color behavioral C:/XilinxWorkSpace/PongV5/re_color.vhd sub00/vhpl15 1369312601
AR tl behavioral C:/XilinxWorkSpace/PongV5/TL.vhd sub00/vhpl09 1369312603
AR test test_a C:/XilinxWorkSpace/PongV5/ipcore_dir/test.vhd sub00/vhpl13 1368972358
AR detector behavioral C:/XilinxWorkSpace/PongV5/detector.vhd sub00/vhpl17 1369312599
EN pixel_pointer NULL C:/XilinxWorkSpace/PongV5/pixel_pointer.vhd sub00/vhpl06 1369312588
AR filter_3x3 behavioral C:/XilinxWorkSpace/PongV5/Filter_3x3.vhd sub00/vhpl03 1369312597
EN filter_3x3 NULL C:/XilinxWorkSpace/PongV5/Filter_3x3.vhd sub00/vhpl02 1369312596
EN tl NULL C:/XilinxWorkSpace/PongV5/TL.vhd sub00/vhpl08 1369312602
AR adc_signal_sync behavioral C:/XilinxWorkSpace/PongV5/ADC_signal_sync.vhd sub00/vhpl05 1369312595
AR pixel_pointer behavioral C:/XilinxWorkSpace/PongV5/pixel_pointer.vhd sub00/vhpl07 1369312589
EN test NULL C:/XilinxWorkSpace/PongV5/ipcore_dir/test.vhd sub00/vhpl12 1368972357
AR mb structure C:/XilinxWorkSpace/PongV5/mb/hdl/mb.vhd sub00/vhpl11 1369312591
